******************************************************************************
          TMS320C6x COFF Linker PC v6.0.8                      
******************************************************************************
>> Linked Thu Nov 22 14:42:46 2018

OUTPUT FILE NAME:   <./Debug/TrailBlazer.out>
ENTRY POINT SYMBOL: "_c_int00"  address: 118091a0


MEMORY CONFIGURATION

         name            origin    length      used     unused   attr    fill
----------------------  --------  ---------  --------  --------  ----  --------
  VECS                  11803c00   00000400  00000200  00000200  RWIX
  DSPRAM                11804000   0003bc00  00006114  00035aec  RWIX
  SHAREDRAM             80000000   00020000  00000000  00020000  RWIX
  SDRAM                 c0000000   20000000  00000000  20000000  RWIX
  ARMRAM                ffff0000   00002000  00000000  00002000  RWIX


SECTION ALLOCATION MAP

 output                                  attributes/
section   page    origin      length       input sections
--------  ----  ----------  ----------   ----------------
.sysmem    0    80000000    00000000     UNINITIALIZED

.data      0    00000000    00000000     UNINITIALIZED

.vecs      0    11803c00    00000200     
                  11803c00    00000200     vecs.obj (.vecs)

.cio       0    11804000    00000000     UNINITIALIZED

.text      0    11804000    000053c0     
                  11804000    000010a0     sys_lib64.lib : DSPexPC.obj (.text)
                  118050a0    00000940     Atmel_SPI_Flash.obj (.text)
                  118059e0    000008e0     SPI.obj (.text)
                  118062c0    000008a0     main.obj (.text)
                  11806b60    000007a0     omapl137.obj (.text)
                  11807300    000004c0     sys_lib64.lib : flash.obj (.text)
                  118077c0    00000360                   : omapl137_psc.obj (.text)
                  11807b20    00000320                   : fpga_uart.obj (.text)
                  11807e40    00000200     rts64plus.lib : frcaddd.obj (.text:__frcaddd)
                  11808040    000001a0                   : imath40.obj (.text:__divul)
                  118081e0    000001a0                   : mpyd.obj (.text:__mpyd)
                  11808380    00000160                   : addd.obj (.text:__addd)
                  118084e0    00000140     omapl137_gpio.obj (.text)
                  11808620    00000140     rts64plus.lib : divf.obj (.text:__divf)
                  11808760    00000100                   : frcdivf.obj (.text:__frcdivf)
                  11808860    00000100                   : frcmpyd.obj (.text:__frcmpyd)
                  11808960    00000100                   : exit.obj (.text:_exit)
                  11808a60    000000e0                   : autoinit.obj (.text:__auto_init)
                  11808b40    000000c0     sys_lib64.lib : timeout.obj (.text)
                  11808c00    000000c0     rts64plus.lib : modf.obj (.text:_modf)
                  11808cc0    000000a0                   : cvtdf.obj (.text:__cvtdf)
                  11808d60    000000a0                   : imath40.obj (.text:__divli)
                  11808e00    000000a0                   : fixdu.obj (.text:__fixdu)
                  11808ea0    000000a0                   : memcpy64.obj (.text:_memcpy)
                  11808f40    000000a0                   : renormd.obj (.text:_renormd)
                  11808fe0    00000080                   : cmpd.obj (.text:__cmpd)
                  11809060    00000080                   : fltlif.obj (.text:__fltlif)
                  118090e0    00000060                   : cvtfd.obj (.text:__cvtfd)
                  11809140    00000060                   : fltid.obj (.text:__fltid)
                  118091a0    00000060                   : boot.obj (.text:_c_int00)
                  11809200    00000060                   : ceil.obj (.text:_ceil)
                  11809260    00000040                   : args_main.obj (.text:__args_main)
                  118092a0    00000040                   : imath40.obj (.text:__remli)
                  118092e0    00000040                   : imath40.obj (.text:__remul)
                  11809320    00000040                   : subd.obj (.text:__subd)
                  11809360    00000020     vecs.obj (.text)
                  11809380    00000020     rts64plus.lib : _lock.obj (.text:__nop)
                  118093a0    00000020                   : exit.obj (.text:_abort)

.stack     0    118093c0    00000800     UNINITIALIZED
                  118093c0    00000008     rts64plus.lib : boot.obj (.stack)

.far       0    11809bc0    00000254     UNINITIALIZED
                  11809bc0    00000168     main.obj (.far)
                  11809d28    00000090     rts64plus.lib : exit.obj (.far)
                  11809db8    00000044     sys_lib64.lib : DSPexPC.obj (.far)
                  11809dfc    00000008     rts64plus.lib : _lock.obj (.far)
                  11809e08    00000005     sys_lib64.lib : flash.obj (.far)
                  11809e10    00000004     Atmel_SPI_Flash.obj (.far)

.cinit     0    11809e18    00000204     
                  11809e18    00000101     main.obj (.cinit)
                  11809f19    00000007     --HOLE-- [fill = 0]
                  11809f20    00000054     sys_lib64.lib : DSPexPC.obj (.cinit)
                  11809f74    00000004     --HOLE-- [fill = 0]
                  11809f78    0000002c     rts64plus.lib : exit.obj (.cinit)
                  11809fa4    00000004     --HOLE-- [fill = 0]
                  11809fa8    0000002c     Atmel_SPI_Flash.obj (.cinit)
                  11809fd4    00000004     --HOLE-- [fill = 0]
                  11809fd8    0000001c     rts64plus.lib : _lock.obj (.cinit)
                  11809ff4    00000004     --HOLE-- [fill = 0]
                  11809ff8    0000000d     sys_lib64.lib : flash.obj (.cinit)
                  1180a005    00000003     --HOLE-- [fill = 0]
                  1180a008    0000000c     SPI.obj (.cinit)
                  1180a014    00000008     --HOLE-- [fill = 0]

.switch    0    1180a01c    0000005c     
                  1180a01c    0000005c     sys_lib64.lib : DSPexPC.obj (.switch)

.const     0    1180a078    00000054     
                  1180a078    0000002f     SPI.obj (.const)
                  1180a0a7    00000001     --HOLE-- [fill = 0]
                  1180a0a8    00000014     sys_lib64.lib : flash.obj (.const)
                  1180a0bc    00000004     --HOLE-- [fill = 0]
                  1180a0c0    0000000c     Atmel_SPI_Flash.obj (.const)

.bss       0    1180a0cc    0000004c     UNINITIALIZED
                  1180a0cc    00000034     main.obj (.bss)
                  1180a100    0000000c     Atmel_SPI_Flash.obj (.bss)
                  1180a10c    00000008     sys_lib64.lib : DSPexPC.obj (.bss)
                  1180a114    00000004     SPI.obj (.bss)


GLOBAL SYMBOLS: SORTED ALPHABETICALLY BY Name 

address    name
--------   ----
1180a0cc   $bss
1180a0cc   .bss
00000000   .data
11804000   .text
118093a0   C$$EXIT
118058a0   _Atmel_Erase_Once
1180556c   _Atmel_GlobalUnprotect
1180596c   _Atmel_Muti4K_Erase
11805828   _Atmel_Read
11805690   _Atmel_Write
11805554   _Atmel_Write_Wnable
11806a74   _CSAC_Data_SetUp
118084e0   _EVMOMAPL137_GPIO_setDirection
11808570   _EVMOMAPL137_GPIO_setOutput
11804760   _Execute_DownLoad
11804530   _Execute_UpLoad
1180538c   _FLASHSpiInit
11806990   _GPS_Data_SetUp
118072c0   _OMAPL137_DSPINT_CLOSEALL
11807298   _OMAPL137_DSPINT_OPENALL
11807064   _OMAPL137_DSPINT_init
11806db4   _OMAPL137_EMIFA_init
11806b8c   _OMAPL137_GPIO_init
11806de4   _OMAPL137_PLL_init
118072ec   _OMAPL137_PPSINT_CLOSE
118072d8   _OMAPL137_PPSINT_OPEN
11806ef4   _OMAPL137_PSC_init
11806c94   _OMAPL137_SYSCFG_init
118071c8   _OMAPL137_TIMER_init
11807894   _PSC0_lPSC_disable
118077c0   _PSC0_lPSC_enable
11807a44   _PSC1_lPSC_disable
1180796c   _PSC1_lPSC_enable
11805a94   _SpiInit
11807ba4   _UART_FIFOCLR
11807b20   _UART_init
00000800   __STACK_SIZE
ffffffff   ___binit__
1180a0cc   ___bss__
ffffffff   ___c_args__
11809e18   ___cinit__
00000000   ___data__
00000000   ___edata__
1180a118   ___end__
118093c0   ___etext__
ffffffff   ___pinit__
11804000   ___text__
11808380   __addd
11809260   __args_main
11808a60   __auto_init
11809db0   __cleanup_ptr
11808fe0   __cmpd
11808cc0   __cvtdf
118090e0   __cvtfd
11808620   __divf
11808d60   __divli
11808040   __divul
11809db4   __dtors_ptr
11808e00   __fixdu
11809140   __fltid
11809060   __fltlif
11807e40   __frcaddd
11808760   __frcdivf
11808860   __frcmpyd
11809dfc   __lock
118081e0   __mpyd
11809380   __nop
118092a0   __remli
118092e0   __remul
118093c0   __stack
11809320   __subd
11809e00   __unlock
11806b60   __wait
1180a0cc   _a
118093a0   _abort
11809c90   _adbufH
11809bf0   _adbufL
11809c40   _adbufM
1180a0fa   _adfifo_cnt
11804a04   _assemble_data
1180a0d0   _b
11809bc0   _buff_cmd
1180a0d4   _c
118091a0   _c_int00
11809200   _ceil
118073cc   _chip_erase
1180a0e8   _cnt_1ms
1180a0e4   _cnt_1s
1180a0dc   _cnt_5ms
1180a0e0   _cnt_5s
1180a0f8   _cnt_cur
1180a0f9   _cnt_pre
118043ac   _command_DRq
11804bac   _command_link
11804484   _command_status
11804e58   _commu_link
11804c50   _commu_link1
11807510   _data_polling
11808960   _exit
118065a0   _ext_int04
11806880   _ext_int05
118068d8   _ext_int06
11806934   _ext_int07
11809cf0   _faccytemp
11809d00   _fgadata
11809ce0   _fgyrotemp
1180a0ec   _flag_5ms
1180a0d8   _flag_commu
1180a0f4   _flag_format
11807454   _flash_program
11807764   _flash_read
1180a0f0   _frame_cnt
11809e08   _gp_num
11807678   _highEA_conv
11809be0   _info_Version
11809bd8   _info_fpga
118062c0   _main
11808ea0   _memcpy
11808c00   _modf
11807dc0   _pUART_Recv
11807c18   _pUART_Txmit
11804000   _parse_command
118041f0   _parse_data
11807c98   _pfUART_Trans
11807d44   _pfUART_Txmit
11805b50   _read_MGZ310_Gyro
11805f98   _read_MSA8000D_Acc
11808f40   _renormd
11809db8   _sector_addr
11807300   _sector_erase
1180a0f2   _sframe_cnt
118059e0   _spi1_xfer_simple
1180a100   _spiRegs
1180a114   _spiRegs1
11808b40   _tUART_Recv
118075a4   _toggle_bit
11803c20   _vector1
11803d40   _vector10
11803d60   _vector11
11803d80   _vector12
11803da0   _vector13
11803dc0   _vector14
11803de0   _vector15
11803c40   _vector2
11803c60   _vector3
11803c80   _vector4
11803ca0   _vector5
11803cc0   _vector6
11803ce0   _vector7
11803d00   _vector8
11803d20   _vector9
11803c00   _vectors
118050a0   _wait
ffffffff   binit
11809e18   cinit
00000000   edata
1180a118   end
118093c0   etext
ffffffff   pinit


GLOBAL SYMBOLS: SORTED BY Symbol Address 

address    name
--------   ----
00000000   .data
00000000   ___data__
00000000   ___edata__
00000000   edata
00000800   __STACK_SIZE
11803c00   _vectors
11803c20   _vector1
11803c40   _vector2
11803c60   _vector3
11803c80   _vector4
11803ca0   _vector5
11803cc0   _vector6
11803ce0   _vector7
11803d00   _vector8
11803d20   _vector9
11803d40   _vector10
11803d60   _vector11
11803d80   _vector12
11803da0   _vector13
11803dc0   _vector14
11803de0   _vector15
11804000   .text
11804000   ___text__
11804000   _parse_command
118041f0   _parse_data
118043ac   _command_DRq
11804484   _command_status
11804530   _Execute_UpLoad
11804760   _Execute_DownLoad
11804a04   _assemble_data
11804bac   _command_link
11804c50   _commu_link1
11804e58   _commu_link
118050a0   _wait
1180538c   _FLASHSpiInit
11805554   _Atmel_Write_Wnable
1180556c   _Atmel_GlobalUnprotect
11805690   _Atmel_Write
11805828   _Atmel_Read
118058a0   _Atmel_Erase_Once
1180596c   _Atmel_Muti4K_Erase
118059e0   _spi1_xfer_simple
11805a94   _SpiInit
11805b50   _read_MGZ310_Gyro
11805f98   _read_MSA8000D_Acc
118062c0   _main
118065a0   _ext_int04
11806880   _ext_int05
118068d8   _ext_int06
11806934   _ext_int07
11806990   _GPS_Data_SetUp
11806a74   _CSAC_Data_SetUp
11806b60   __wait
11806b8c   _OMAPL137_GPIO_init
11806c94   _OMAPL137_SYSCFG_init
11806db4   _OMAPL137_EMIFA_init
11806de4   _OMAPL137_PLL_init
11806ef4   _OMAPL137_PSC_init
11807064   _OMAPL137_DSPINT_init
118071c8   _OMAPL137_TIMER_init
11807298   _OMAPL137_DSPINT_OPENALL
118072c0   _OMAPL137_DSPINT_CLOSEALL
118072d8   _OMAPL137_PPSINT_OPEN
118072ec   _OMAPL137_PPSINT_CLOSE
11807300   _sector_erase
118073cc   _chip_erase
11807454   _flash_program
11807510   _data_polling
118075a4   _toggle_bit
11807678   _highEA_conv
11807764   _flash_read
118077c0   _PSC0_lPSC_enable
11807894   _PSC0_lPSC_disable
1180796c   _PSC1_lPSC_enable
11807a44   _PSC1_lPSC_disable
11807b20   _UART_init
11807ba4   _UART_FIFOCLR
11807c18   _pUART_Txmit
11807c98   _pfUART_Trans
11807d44   _pfUART_Txmit
11807dc0   _pUART_Recv
11807e40   __frcaddd
11808040   __divul
118081e0   __mpyd
11808380   __addd
118084e0   _EVMOMAPL137_GPIO_setDirection
11808570   _EVMOMAPL137_GPIO_setOutput
11808620   __divf
11808760   __frcdivf
11808860   __frcmpyd
11808960   _exit
11808a60   __auto_init
11808b40   _tUART_Recv
11808c00   _modf
11808cc0   __cvtdf
11808d60   __divli
11808e00   __fixdu
11808ea0   _memcpy
11808f40   _renormd
11808fe0   __cmpd
11809060   __fltlif
118090e0   __cvtfd
11809140   __fltid
118091a0   _c_int00
11809200   _ceil
11809260   __args_main
118092a0   __remli
118092e0   __remul
11809320   __subd
11809380   __nop
118093a0   C$$EXIT
118093a0   _abort
118093c0   ___etext__
118093c0   __stack
118093c0   etext
11809bc0   _buff_cmd
11809bd8   _info_fpga
11809be0   _info_Version
11809bf0   _adbufL
11809c40   _adbufM
11809c90   _adbufH
11809ce0   _fgyrotemp
11809cf0   _faccytemp
11809d00   _fgadata
11809db0   __cleanup_ptr
11809db4   __dtors_ptr
11809db8   _sector_addr
11809dfc   __lock
11809e00   __unlock
11809e08   _gp_num
11809e18   ___cinit__
11809e18   cinit
1180a0cc   $bss
1180a0cc   .bss
1180a0cc   ___bss__
1180a0cc   _a
1180a0d0   _b
1180a0d4   _c
1180a0d8   _flag_commu
1180a0dc   _cnt_5ms
1180a0e0   _cnt_5s
1180a0e4   _cnt_1s
1180a0e8   _cnt_1ms
1180a0ec   _flag_5ms
1180a0f0   _frame_cnt
1180a0f2   _sframe_cnt
1180a0f4   _flag_format
1180a0f8   _cnt_cur
1180a0f9   _cnt_pre
1180a0fa   _adfifo_cnt
1180a100   _spiRegs
1180a114   _spiRegs1
1180a118   ___end__
1180a118   end
ffffffff   ___binit__
ffffffff   ___c_args__
ffffffff   ___pinit__
ffffffff   binit
ffffffff   pinit

[159 symbols]
